I.创建一个仓库

$ mkdir name //创建一个名为name的空文件夹
$ cd name //进入name文件夹
$ pwd //显示当前目录
$ git init //把name文件夹变成git可以管理的仓库

   -->Initialized empty Git repository in /Users/michael/name/.get/

II.把文件添加到版本库

编写一个readme.txt文件，内容如下：
Git is a version control system.
Git is free software.
放到name目录下（子目录也行），因为这是一个Git仓库，放到其他地方Git找不到这个文件。

(1).
$ git add readme.txt //首先用git add把文件放到gti仓库
$ git commmit -m "wrote a readme file" //再用git commit把文件提交到仓库

  --> [master (root-commit) eaadf4e] wrote a readme file
		1 file changed, 2 insertions(+) //1 file changed：1个文件被改动（我们新添加的readme.txt文件）；
										//2 insertions：插入了两行内容（readme.txt有两行内容）。
		create mode 100644 readme.txt

  --> -m后面输入的是本次提交的说明，可以输入任意内容
  
(2).commit一次提交很多文件，所以可以多次add不同的文件
$ git add file1.txt
$ git add file2.txt file3.txt
$ git commit -m "add 3 files."

III.用ls或者dir命令查看当前目录的文件
  
Iv.修改并提交文件

修改readme.txt文件，改成如下内容：
Git is a distributed version control system.
Git is free software.

$ git status //运行git status命令看看结果,该命令可以让我们时刻掌握仓库当前的状态，下面的命令输出告诉我们，readme.txt被修改过了，但还没有准备提交的修改。
-->On branch master
	Changes not staged for commit:
	(use "git add <file>..." to update what will be committed)
	(use "git checkout -- <file>..." to discard changes in working directory)

		modified:   readme.txt

	no changes added to commit (use "git add" and/or "git commit -a")
	
$ git diff readme.txt //git diff就是查看difference，显示的格式是Unix通用的diff格式，可以从下面的命令输出看到，我们在第一行添加了一个distributed单词。
--> diff --git a/readme.txt b/readme.txt
	index 46d49bf..9247db6 100644
	--- a/readme.txt
	+++ b/readme.txt
	@@ -1,2 +1,2 @@
	-Git is a version control system.
	+Git is a distributed version control system.
	Git is free software.

//提交修改和提交新文件是一样的两步
$ git add readme.txt //正常情况下没有任何提示
$ git commit -m "add distributed"
-->[master e475afc] add distributed
	1 file changed, 1 insertion(+), 1 deletion(-)

V.	
$ git log 查看提交历史记录
$ git log --pretty=oneline //如果嫌输出信息太多，看得眼花缭乱的，可以加上--pretty=oneline参数

VI.版本回退
$ git reset --hard HEAD^ //如果回到前100个版本就是HEAD~100；

如果回退之后想回到未来的那一个版本，只要上面的命令行窗口还没有被关掉，就可以顺着往上找到那个版本的commit id是1094adb...，于是就可以指定回到未来的某个版本：

$ git reset --hard 1094a //版本号没必要写全，前几位就可以了，Git会自动去找。
-->HEAD is now at 83b0afe append GPL

如果上面的命令行窗口关了，可以查看id：
$ git reflog //查看命令地址
e475afc HEAD@{1}: reset: moving to HEAD^
1094adb (HEAD -> master) HEAD@{2}: commit: append GPL
e475afc HEAD@{3}: commit: add distributed
eaadf4e HEAD@{4}: commit (initial): wrote a readme file


	

